[2026-10-05 13:08:49] local.ERROR: No application encryption key has been specified. {"exception":"[object] (Illuminate\\Encryption\\MissingAppKeyException(code: 0): No application encryption key has been specified. at C:/Users/dell/techsaga/crm_app/laravel/vendor/laravel/framework/src/Illuminate/Encryption/EncryptionServiceProvider.php:83)
[stacktrace]
#0 C:/Users/dell/techsaga/crm_app/laravel/vendor/laravel/framework/src/Illuminate/Support/helpers.php(393): Illuminate/Encryption/EncryptionServiceProvider->Illuminate/Encryption/{closure}()
#1 C:/Users/dell/techsaga/crm_app/laravel/vendor/laravel/framework/src/Illuminate/Encryption/EncryptionServiceProvider.php(81): tap()
#2 C:/Users/dell/techsaga/crm_app/laravel/vendor/laravel/framework/src/Illuminate/Encryption/EncryptionServiceProvider.php(64): Illuminate/Encryption/EncryptionServiceProvider->key()
#3 C:/Users/dell/techsaga/crm_app/laravel/vendor/laravel/framework/src/Illuminate/Encryption/EncryptionServiceProvider.php(32): Illuminate/Encryption/EncryptionServiceProvider->parseKey()
#4 C:/Users/dell/techsaga/crm_app/laravel/vendor/laravel/framework/src/Illuminate/Container/Container.php(1140): Illuminate/Encryption/EncryptionServiceProvider->Illuminate/Encryption/{closure}()
#5 C:/Users/dell/techsaga/crm_app/laravel/vendor/laravel/framework/src/Illuminate/Container/Container.php(939): Illuminate/Container/Container->build()
#6 C:/Users/dell/techsaga/crm_app/laravel/vendor/laravel/framework/src/Illuminate/Foundation/Application.php(1086): Illuminate/Container/Container->resolve()
#7 C:/Users/dell/techsaga/crm_app/laravel/vendor/laravel/framework/src/Illuminate/Container/Container.php(867): Illuminate/Foundation/Application->resolve()
#8 C:/Users/dell/techsaga/crm_app/laravel/vendor/laravel/framework/src/Illuminate/Foundation/Application.php(1066): Illuminate/Container/Container->make()
#9 C:/Users/dell/techsaga/crm_app/laravel/vendor/laravel/framework/src/Illuminate/Container/Container.php(1363): Illuminate/Foundation/Application->make()
#10 C:/Users/dell/techsaga/crm_app/laravel/vendor/laravel/framework/src/Illuminate/Container/Container.php(1264): Illuminate/Container/Container->resolveClass()
#11 C:/Users/dell/techsaga/crm_app/laravel/vendor/laravel/framework/src/Illuminate/Container/Container.php(1187): Illuminate/Container/Container->resolveDependencies()
#12 C:/Users/dell/techsaga/crm_app/laravel/vendor/laravel/framework/src/Illuminate/Container/Container.php(939): Illuminate/Container/Container->build()
#13 C:/Users/dell/techsaga/crm_app/laravel/vendor/laravel/framework/src/Illuminate/Foundation/Application.php(1086): Illuminate/Container/Container->resolve()
#14 C:/Users/dell/techsaga/crm_app/laravel/vendor/laravel/framework/src/Illuminate/Container/Container.php(867): Illuminate/Foundation/Application->resolve()
#15 C:/Users/dell/techsaga/crm_app/laravel/vendor/laravel/framework/src/Illuminate/Foundation/Application.php(1066): Illuminate/Container/Container->make()
#16 C:/Users/dell/techsaga/crm_app/laravel/vendor/laravel/framework/src/Illuminate/Pipeline/Pipeline.php(208): Illuminate/Foundation/Application->make()
#17 C:/Users/dell/techsaga/crm_app/laravel/vendor/laravel/framework/src/Illuminate/Pipeline/Pipeline.php(137): Illuminate/Pipeline/Pipeline->Illuminate/Pipeline/{closure}()
#18 C:/Users/dell/techsaga/crm_app/laravel/vendor/laravel/framework/src/Illuminate/Routing/Router.php(821): Illuminate/Pipeline/Pipeline->then()
#19 C:/Users/dell/techsaga/crm_app/laravel/vendor/laravel/framework/src/Illuminate/Routing/Router.php(800): Illuminate/Routing/Router->runRouteWithinStack()
#20 C:/Users/dell/techsaga/crm_app/laravel/vendor/laravel/framework/src/Illuminate/Routing/Router.php(764): Illuminate/Routing/Router->runRoute()
#21 C:/Users/dell/techsaga/crm_app/laravel/vendor/laravel/framework/src/Illuminate/Routing/Router.php(753): Illuminate/Routing/Router->dispatchToRoute()
#22 C:/Users/dell/techsaga/crm_app/laravel/vendor/laravel/framework/src/Illuminate/Foundation/Http/Kernel.php(200): Illuminate/Routing/Router->dispatch()
#23 C:/Users/dell/techsaga/crm_app/laravel/vendor/laravel/framework/src/Illuminate/Pipeline/Pipeline.php(180): Illuminate/Foundation/Http/Kernel->Illuminate/Foundation/Http/{closure}()
#24 C:/Users/dell/techsaga/crm_app/laravel/vendor/laravel/framework/src/Illuminate/Foundation/Http/Middleware/TransformsRequest.php(21): Illuminate/Pipeline/Pipeline->Illuminate/Pipeline/{closure}()
#25 C:/Users/dell/techsaga/crm_app/laravel/vendor/laravel/framework/src/Illuminate/Foundation/Http/Middleware/ConvertEmptyStringsToNull.php(31): Illuminate/Foundation/Http/Middleware/TransformsRequest->handle()
#26 C:/Users/dell/techsaga/crm_app/laravel/vendor/laravel/framework/src/Illuminate/Pipeline/Pipeline.php(219): Illuminate/Foundation/Http/Middleware/ConvertEmptyStringsToNull->handle()
#27 C:/Users/dell/techsaga/crm_app/laravel/vendor/laravel/framework/src/Illuminate/Foundation/Http/Middleware/TransformsRequest.php(21): Illuminate/Pipeline/Pipeline->Illuminate/Pipeline/{closure}()
#28 C:/Users/dell/techsaga/crm_app/laravel/vendor/laravel/framework/src/Illuminate/Foundation/Http/Middleware/TrimStrings.php(51): Illuminate/Foundation/Http/Middleware/TransformsRequest->handle()
#29 C:/Users/dell/techsaga/crm_app/laravel/vendor/laravel/framework/src/Illuminate/Pipeline/Pipeline.php(219): Illuminate/Foundation/Http/Middleware/TrimStrings->handle()
#30 C:/Users/dell/techsaga/crm_app/laravel/vendor/laravel/framework/src/Illuminate/Http/Middleware/ValidatePostSize.php(27): Illuminate/Pipeline/Pipeline->Illuminate/Pipeline/{closure}()
#31 C:/Users/dell/techsaga/crm_app/laravel/vendor/laravel/framework/src/Illuminate/Pipeline/Pipeline.php(219): Illuminate/Http/Middleware/ValidatePostSize->handle()
#32 C:/Users/dell/techsaga/crm_app/laravel/vendor/laravel/framework/src/Illuminate/Foundation/Http/Middleware/PreventRequestsDuringMaintenance.php(110): Illuminate/Pipeline/Pipeline->Illuminate/Pipeline/{closure}()
#33 C:/Users/dell/techsaga/crm_app/laravel/vendor/laravel/framework/src/Illuminate/Pipeline/Pipeline.php(219): Illuminate/Foundation/Http/Middleware/PreventRequestsDuringMaintenance->handle()
#34 C:/Users/dell/techsaga/crm_app/laravel/vendor/laravel/framework/src/Illuminate/Http/Middleware/HandleCors.php(61): Illuminate/Pipeline/Pipeline->Illuminate/Pipeline/{closure}()
#35 C:/Users/dell/techsaga/crm_app/laravel/vendor/laravel/framework/src/Illuminate/Pipeline/Pipeline.php(219): Illuminate/Http/Middleware/HandleCors->handle()
#36 C:/Users/dell/techsaga/crm_app/laravel/vendor/laravel/framework/src/Illuminate/Http/Middleware/TrustProxies.php(58): Illuminate/Pipeline/Pipeline->Illuminate/Pipeline/{closure}()
#37 C:/Users/dell/techsaga/crm_app/laravel/vendor/laravel/framework/src/Illuminate/Pipeline/Pipeline.php(219): Illuminate/Http/Middleware/TrustProxies->handle()
#38 C:/Users/dell/techsaga/crm_app/laravel/vendor/laravel/framework/src/Illuminate/Foundation/Http/Middleware/InvokeDeferredCallbacks.php(22): Illuminate/Pipeline/Pipeline->Illuminate/Pipeline/{closure}()
#39 C:/Users/dell/techsaga/crm_app/laravel/vendor/laravel/framework/src/Illuminate/Pipeline/Pipeline.php(219): Illuminate/Foundation/Http/Middleware/InvokeDeferredCallbacks->handle()
#40 C:/Users/dell/techsaga/crm_app/laravel/vendor/laravel/framework/src/Illuminate/Http/Middleware/ValidatePathEncoding.php(28): Illuminate/Pipeline/Pipeline->Illuminate/Pipeline/{closure}()
#41 C:/Users/dell/techsaga/crm_app/laravel/vendor/laravel/framework/src/Illuminate/Pipeline/Pipeline.php(219): Illuminate/Http/Middleware/ValidatePathEncoding->handle()
#42 C:/Users/dell/techsaga/crm_app/laravel/vendor/laravel/framework/src/Illuminate/Pipeline/Pipeline.php(137): Illuminate/Pipeline/Pipeline->Illuminate/Pipeline/{closure}()
#43 C:/Users/dell/techsaga/crm_app/laravel/vendor/laravel/framework/src/Illuminate/Foundation/Http/Kernel.php(175): Illuminate/Pipeline/Pipeline->then()
#44 C:/Users/dell/techsaga/crm_app/laravel/vendor/laravel/framework/src/Illuminate/Foundation/Http/Kernel.php(144): Illuminate/Foundation/Http/Kernel->sendRequestThroughRouter()
#45 C:/Users/dell/techsaga/crm_app/laravel/vendor/laravel/framework/src/Illuminate/Foundation/Application.php(1228): Illuminate/Foundation/Http/Kernel->handle()
#46 C:/Users/dell/techsaga/crm_app/laravel/public/index.php(20): Illuminate/Foundation/Application->handleRequest()
#47 C:/Users/dell/techsaga/crm_app/laravel/vendor/laravel/framework/src/Illuminate/Foundation/resources/server.php(23): require_once('...')
#48 {main}
"} 
[2026-10-05 13:08:59] local.ERROR: No application encryption key has been specified. {"exception":"[object] (Illuminate\\Encryption\\MissingAppKeyException(code: 0): No application encryption key has been specified. at C:/Users/dell/techsaga/crm_app/laravel/vendor/laravel/framework/src/Illuminate/Encryption/EncryptionServiceProvider.php:83)
[stacktrace]
#0 C:/Users/dell/techsaga/crm_app/laravel/vendor/laravel/framework/src/Illuminate/Support/helpers.php(393): Illuminate/Encryption/EncryptionServiceProvider->Illuminate/Encryption/{closure}()
#1 C:/Users/dell/techsaga/crm_app/laravel/vendor/laravel/framework/src/Illuminate/Encryption/EncryptionServiceProvider.php(81): tap()
#2 C:/Users/dell/techsaga/crm_app/laravel/vendor/laravel/framework/src/Illuminate/Encryption/EncryptionServiceProvider.php(64): Illuminate/Encryption/EncryptionServiceProvider->key()
#3 C:/Users/dell/techsaga/crm_app/laravel/vendor/laravel/framework/src/Illuminate/Encryption/EncryptionServiceProvider.php(32): Illuminate/Encryption/EncryptionServiceProvider->parseKey()
#4 C:/Users/dell/techsaga/crm_app/laravel/vendor/laravel/framework/src/Illuminate/Container/Container.php(1140): Illuminate/Encryption/EncryptionServiceProvider->Illuminate/Encryption/{closure}()
#5 C:/Users/dell/techsaga/crm_app/laravel/vendor/laravel/framework/src/Illuminate/Container/Container.php(939): Illuminate/Container/Container->build()
#6 C:/Users/dell/techsaga/crm_app/laravel/vendor/laravel/framework/src/Illuminate/Foundation/Application.php(1086): Illuminate/Container/Container->resolve()
#7 C:/Users/dell/techsaga/crm_app/laravel/vendor/laravel/framework/src/Illuminate/Container/Container.php(867): Illuminate/Foundation/Application->resolve()
#8 C:/Users/dell/techsaga/crm_app/laravel/vendor/laravel/framework/src/Illuminate/Foundation/Application.php(1066): Illuminate/Container/Container->make()
#9 C:/Users/dell/techsaga/crm_app/laravel/vendor/laravel/framework/src/Illuminate/Container/Container.php(1363): Illuminate/Foundation/Application->make()
#10 C:/Users/dell/techsaga/crm_app/laravel/vendor/laravel/framework/src/Illuminate/Container/Container.php(1264): Illuminate/Container/Container->resolveClass()
#11 C:/Users/dell/techsaga/crm_app/laravel/vendor/laravel/framework/src/Illuminate/Container/Container.php(1187): Illuminate/Container/Container->resolveDependencies()
#12 C:/Users/dell/techsaga/crm_app/laravel/vendor/laravel/framework/src/Illuminate/Container/Container.php(939): Illuminate/Container/Container->build()
#13 C:/Users/dell/techsaga/crm_app/laravel/vendor/laravel/framework/src/Illuminate/Foundation/Application.php(1086): Illuminate/Container/Container->resolve()
#14 C:/Users/dell/techsaga/crm_app/laravel/vendor/laravel/framework/src/Illuminate/Container/Container.php(867): Illuminate/Foundation/Application->resolve()
#15 C:/Users/dell/techsaga/crm_app/laravel/vendor/laravel/framework/src/Illuminate/Foundation/Application.php(1066): Illuminate/Container/Container->make()
#16 C:/Users/dell/techsaga/crm_app/laravel/vendor/laravel/framework/src/Illuminate/Foundation/Http/Kernel.php(257): Illuminate/Foundation/Application->make()
#17 C:/Users/dell/techsaga/crm_app/laravel/vendor/laravel/framework/src/Illuminate/Foundation/Http/Kernel.php(215): Illuminate/Foundation/Http/Kernel->terminateMiddleware()
#18 C:/Users/dell/techsaga/crm_app/laravel/vendor/laravel/framework/src/Illuminate/Foundation/Application.php(1230): Illuminate/Foundation/Http/Kernel->terminate()
#19 C:/Users/dell/techsaga/crm_app/laravel/public/index.php(20): Illuminate/Foundation/Application->handleRequest()
#20 C:/Users/dell/techsaga/crm_app/laravel/vendor/laravel/framework/src/Illuminate/Foundation/resources/server.php(23): require_once('...')
#21 {main}
"} 
[2026-10-05 13:10:35] local.ERROR: No application encryption key has been specified. {"exception":"[object] (Illuminate\\Encryption\\MissingAppKeyException(code: 0): No application encryption key has been specified. at C:/Users/dell/techsaga/crm_app/laravel/vendor/laravel/framework/src/Illuminate/Encryption/EncryptionServiceProvider.php:83)
[stacktrace]
#0 C:/Users/dell/techsaga/crm_app/laravel/vendor/laravel/framework/src/Illuminate/Support/helpers.php(393): Illuminate/Encryption/EncryptionServiceProvider->Illuminate/Encryption/{closure}()
#1 C:/Users/dell/techsaga/crm_app/laravel/vendor/laravel/framework/src/Illuminate/Encryption/EncryptionServiceProvider.php(81): tap()
#2 C:/Users/dell/techsaga/crm_app/laravel/vendor/laravel/framework/src/Illuminate/Encryption/EncryptionServiceProvider.php(64): Illuminate/Encryption/EncryptionServiceProvider->key()
#3 C:/Users/dell/techsaga/crm_app/laravel/vendor/laravel/framework/src/Illuminate/Encryption/EncryptionServiceProvider.php(32): Illuminate/Encryption/EncryptionServiceProvider->parseKey()
#4 C:/Users/dell/techsaga/crm_app/laravel/vendor/laravel/framework/src/Illuminate/Container/Container.php(1140): Illuminate/Encryption/EncryptionServiceProvider->Illuminate/Encryption/{closure}()
#5 C:/Users/dell/techsaga/crm_app/laravel/vendor/laravel/framework/src/Illuminate/Container/Container.php(939): Illuminate/Container/Container->build()
#6 C:/Users/dell/techsaga/crm_app/laravel/vendor/laravel/framework/src/Illuminate/Foundation/Application.php(1086): Illuminate/Container/Container->resolve()
#7 C:/Users/dell/techsaga/crm_app/laravel/vendor/laravel/framework/src/Illuminate/Container/Container.php(867): Illuminate/Foundation/Application->resolve()
#8 C:/Users/dell/techsaga/crm_app/laravel/vendor/laravel/framework/src/Illuminate/Foundation/Application.php(1066): Illuminate/Container/Container->make()
#9 C:/Users/dell/techsaga/crm_app/laravel/vendor/laravel/framework/src/Illuminate/Container/Container.php(1363): Illuminate/Foundation/Application->make()
#10 C:/Users/dell/techsaga/crm_app/laravel/vendor/laravel/framework/src/Illuminate/Container/Container.php(1264): Illuminate/Container/Container->resolveClass()
#11 C:/Users/dell/techsaga/crm_app/laravel/vendor/laravel/framework/src/Illuminate/Container/Container.php(1187): Illuminate/Container/Container->resolveDependencies()
#12 C:/Users/dell/techsaga/crm_app/laravel/vendor/laravel/framework/src/Illuminate/Container/Container.php(939): Illuminate/Container/Container->build()
#13 C:/Users/dell/techsaga/crm_app/laravel/vendor/laravel/framework/src/Illuminate/Foundation/Application.php(1086): Illuminate/Container/Container->resolve()
#14 C:/Users/dell/techsaga/crm_app/laravel/vendor/laravel/framework/src/Illuminate/Container/Container.php(867): Illuminate/Foundation/Application->resolve()
#15 C:/Users/dell/techsaga/crm_app/laravel/vendor/laravel/framework/src/Illuminate/Foundation/Application.php(1066): Illuminate/Container/Container->make()
#16 C:/Users/dell/techsaga/crm_app/laravel/vendor/laravel/framework/src/Illuminate/Pipeline/Pipeline.php(208): Illuminate/Foundation/Application->make()
#17 C:/Users/dell/techsaga/crm_app/laravel/vendor/laravel/framework/src/Illuminate/Pipeline/Pipeline.php(137): Illuminate/Pipeline/Pipeline->Illuminate/Pipeline/{closure}()
#18 C:/Users/dell/techsaga/crm_app/laravel/vendor/laravel/framework/src/Illuminate/Routing/Router.php(821): Illuminate/Pipeline/Pipeline->then()
#19 C:/Users/dell/techsaga/crm_app/laravel/vendor/laravel/framework/src/Illuminate/Routing/Router.php(800): Illuminate/Routing/Router->runRouteWithinStack()
#20 C:/Users/dell/techsaga/crm_app/laravel/vendor/laravel/framework/src/Illuminate/Routing/Router.php(764): Illuminate/Routing/Router->runRoute()
#21 C:/Users/dell/techsaga/crm_app/laravel/vendor/laravel/framework/src/Illuminate/Routing/Router.php(753): Illuminate/Routing/Router->dispatchToRoute()
#22 C:/Users/dell/techsaga/crm_app/laravel/vendor/laravel/framework/src/Illuminate/Foundation/Http/Kernel.php(200): Illuminate/Routing/Router->dispatch()
#23 C:/Users/dell/techsaga/crm_app/laravel/vendor/laravel/framework/src/Illuminate/Pipeline/Pipeline.php(180): Illuminate/Foundation/Http/Kernel->Illuminate/Foundation/Http/{closure}()
#24 C:/Users/dell/techsaga/crm_app/laravel/vendor/laravel/framework/src/Illuminate/Foundation/Http/Middleware/TransformsRequest.php(21): Illuminate/Pipeline/Pipeline->Illuminate/Pipeline/{closure}()
#25 C:/Users/dell/techsaga/crm_app/laravel/vendor/laravel/framework/src/Illuminate/Foundation/Http/Middleware/ConvertEmptyStringsToNull.php(31): Illuminate/Foundation/Http/Middleware/TransformsRequest->handle()
#26 C:/Users/dell/techsaga/crm_app/laravel/vendor/laravel/framework/src/Illuminate/Pipeline/Pipeline.php(219): Illuminate/Foundation/Http/Middleware/ConvertEmptyStringsToNull->handle()
#27 C:/Users/dell/techsaga/crm_app/laravel/vendor/laravel/framework/src/Illuminate/Foundation/Http/Middleware/TransformsRequest.php(21): Illuminate/Pipeline/Pipeline->Illuminate/Pipeline/{closure}()
#28 C:/Users/dell/techsaga/crm_app/laravel/vendor/laravel/framework/src/Illuminate/Foundation/Http/Middleware/TrimStrings.php(51): Illuminate/Foundation/Http/Middleware/TransformsRequest->handle()
#29 C:/Users/dell/techsaga/crm_app/laravel/vendor/laravel/framework/src/Illuminate/Pipeline/Pipeline.php(219): Illuminate/Foundation/Http/Middleware/TrimStrings->handle()
#30 C:/Users/dell/techsaga/crm_app/laravel/vendor/laravel/framework/src/Illuminate/Http/Middleware/ValidatePostSize.php(27): Illuminate/Pipeline/Pipeline->Illuminate/Pipeline/{closure}()
#31 C:/Users/dell/techsaga/crm_app/laravel/vendor/laravel/framework/src/Illuminate/Pipeline/Pipeline.php(219): Illuminate/Http/Middleware/ValidatePostSize->handle()
#32 C:/Users/dell/techsaga/crm_app/laravel/vendor/laravel/framework/src/Illuminate/Foundation/Http/Middleware/PreventRequestsDuringMaintenance.php(110): Illuminate/Pipeline/Pipeline->Illuminate/Pipeline/{closure}()
#33 C:/Users/dell/techsaga/crm_app/laravel/vendor/laravel/framework/src/Illuminate/Pipeline/Pipeline.php(219): Illuminate/Foundation/Http/Middleware/PreventRequestsDuringMaintenance->handle()
#34 C:/Users/dell/techsaga/crm_app/laravel/vendor/laravel/framework/src/Illuminate/Http/Middleware/HandleCors.php(61): Illuminate/Pipeline/Pipeline->Illuminate/Pipeline/{closure}()
#35 C:/Users/dell/techsaga/crm_app/laravel/vendor/laravel/framework/src/Illuminate/Pipeline/Pipeline.php(219): Illuminate/Http/Middleware/HandleCors->handle()
#36 C:/Users/dell/techsaga/crm_app/laravel/vendor/laravel/framework/src/Illuminate/Http/Middleware/TrustProxies.php(58): Illuminate/Pipeline/Pipeline->Illuminate/Pipeline/{closure}()
#37 C:/Users/dell/techsaga/crm_app/laravel/vendor/laravel/framework/src/Illuminate/Pipeline/Pipeline.php(219): Illuminate/Http/Middleware/TrustProxies->handle()
#38 C:/Users/dell/techsaga/crm_app/laravel/vendor/laravel/framework/src/Illuminate/Foundation/Http/Middleware/InvokeDeferredCallbacks.php(22): Illuminate/Pipeline/Pipeline->Illuminate/Pipeline/{closure}()
#39 C:/Users/dell/techsaga/crm_app/laravel/vendor/laravel/framework/src/Illuminate/Pipeline/Pipeline.php(219): Illuminate/Foundation/Http/Middleware/InvokeDeferredCallbacks->handle()
#40 C:/Users/dell/techsaga/crm_app/laravel/vendor/laravel/framework/src/Illuminate/Http/Middleware/ValidatePathEncoding.php(28): Illuminate/Pipeline/Pipeline->Illuminate/Pipeline/{closure}()
#41 C:/Users/dell/techsaga/crm_app/laravel/vendor/laravel/framework/src/Illuminate/Pipeline/Pipeline.php(219): Illuminate/Http/Middleware/ValidatePathEncoding->handle()
#42 C:/Users/dell/techsaga/crm_app/laravel/vendor/laravel/framework/src/Illuminate/Pipeline/Pipeline.php(137): Illuminate/Pipeline/Pipeline->Illuminate/Pipeline/{closure}()
#43 C:/Users/dell/techsaga/crm_app/laravel/vendor/laravel/framework/src/Illuminate/Foundation/Http/Kernel.php(175): Illuminate/Pipeline/Pipeline->then()
#44 C:/Users/dell/techsaga/crm_app/laravel/vendor/laravel/framework/src/Illuminate/Foundation/Http/Kernel.php(144): Illuminate/Foundation/Http/Kernel->sendRequestThroughRouter()
#45 C:/Users/dell/techsaga/crm_app/laravel/vendor/laravel/framework/src/Illuminate/Foundation/Application.php(1228): Illuminate/Foundation/Http/Kernel->handle()
#46 C:/Users/dell/techsaga/crm_app/laravel/public/index.php(20): Illuminate/Foundation/Application->handleRequest()
#47 C:/Users/dell/techsaga/crm_app/laravel/vendor/laravel/framework/src/Illuminate/Foundation/resources/server.php(23): require_once('...')
#48 {main}
"} 
[2026-10-05 13:10:37] local.ERROR: No application encryption key has been specified. {"exception":"[object] (Illuminate\\Encryption\\MissingAppKeyException(code: 0): No application encryption key has been specified. at C:/Users/dell/techsaga/crm_app/laravel/vendor/laravel/framework/src/Illuminate/Encryption/EncryptionServiceProvider.php:83)
[stacktrace]
#0 C:/Users/dell/techsaga/crm_app/laravel/vendor/laravel/framework/src/Illuminate/Support/helpers.php(393): Illuminate/Encryption/EncryptionServiceProvider->Illuminate/Encryption/{closure}()
#1 C:/Users/dell/techsaga/crm_app/laravel/vendor/laravel/framework/src/Illuminate/Encryption/EncryptionServiceProvider.php(81): tap()
#2 C:/Users/dell/techsaga/crm_app/laravel/vendor/laravel/framework/src/Illuminate/Encryption/EncryptionServiceProvider.php(64): Illuminate/Encryption/EncryptionServiceProvider->key()
#3 C:/Users/dell/techsaga/crm_app/laravel/vendor/laravel/framework/src/Illuminate/Encryption/EncryptionServiceProvider.php(32): Illuminate/Encryption/EncryptionServiceProvider->parseKey()
#4 C:/Users/dell/techsaga/crm_app/laravel/vendor/laravel/framework/src/Illuminate/Container/Container.php(1140): Illuminate/Encryption/EncryptionServiceProvider->Illuminate/Encryption/{closure}()
#5 C:/Users/dell/techsaga/crm_app/laravel/vendor/laravel/framework/src/Illuminate/Container/Container.php(939): Illuminate/Container/Container->build()
#6 C:/Users/dell/techsaga/crm_app/laravel/vendor/laravel/framework/src/Illuminate/Foundation/Application.php(1086): Illuminate/Container/Container->resolve()
#7 C:/Users/dell/techsaga/crm_app/laravel/vendor/laravel/framework/src/Illuminate/Container/Container.php(867): Illuminate/Foundation/Application->resolve()
#8 C:/Users/dell/techsaga/crm_app/laravel/vendor/laravel/framework/src/Illuminate/Foundation/Application.php(1066): Illuminate/Container/Container->make()
#9 C:/Users/dell/techsaga/crm_app/laravel/vendor/laravel/framework/src/Illuminate/Container/Container.php(1363): Illuminate/Foundation/Application->make()
#10 C:/Users/dell/techsaga/crm_app/laravel/vendor/laravel/framework/src/Illuminate/Container/Container.php(1264): Illuminate/Container/Container->resolveClass()
#11 C:/Users/dell/techsaga/crm_app/laravel/vendor/laravel/framework/src/Illuminate/Container/Container.php(1187): Illuminate/Container/Container->resolveDependencies()
#12 C:/Users/dell/techsaga/crm_app/laravel/vendor/laravel/framework/src/Illuminate/Container/Container.php(939): Illuminate/Container/Container->build()
#13 C:/Users/dell/techsaga/crm_app/laravel/vendor/laravel/framework/src/Illuminate/Foundation/Application.php(1086): Illuminate/Container/Container->resolve()
#14 C:/Users/dell/techsaga/crm_app/laravel/vendor/laravel/framework/src/Illuminate/Container/Container.php(867): Illuminate/Foundation/Application->resolve()
#15 C:/Users/dell/techsaga/crm_app/laravel/vendor/laravel/framework/src/Illuminate/Foundation/Application.php(1066): Illuminate/Container/Container->make()
#16 C:/Users/dell/techsaga/crm_app/laravel/vendor/laravel/framework/src/Illuminate/Foundation/Http/Kernel.php(257): Illuminate/Foundation/Application->make()
#17 C:/Users/dell/techsaga/crm_app/laravel/vendor/laravel/framework/src/Illuminate/Foundation/Http/Kernel.php(215): Illuminate/Foundation/Http/Kernel->terminateMiddleware()
#18 C:/Users/dell/techsaga/crm_app/laravel/vendor/laravel/framework/src/Illuminate/Foundation/Application.php(1230): Illuminate/Foundation/Http/Kernel->terminate()
#19 C:/Users/dell/techsaga/crm_app/laravel/public/index.php(20): Illuminate/Foundation/Application->handleRequest()
#20 C:/Users/dell/techsaga/crm_app/laravel/vendor/laravel/framework/src/Illuminate/Foundation/resources/server.php(23): require_once('...')
#21 {main}
"} 
[2026-10-05 13:10:52] local.ERROR: No application encryption key has been specified. {"exception":"[object] (Illuminate\\Encryption\\MissingAppKeyException(code: 0): No application encryption key has been specified. at C:/Users/dell/techsaga/crm_app/laravel/vendor/laravel/framework/src/Illuminate/Encryption/EncryptionServiceProvider.php:83)
[stacktrace]
#0 C:/Users/dell/techsaga/crm_app/laravel/vendor/laravel/framework/src/Illuminate/Support/helpers.php(393): Illuminate/Encryption/EncryptionServiceProvider->Illuminate/Encryption/{closure}()
#1 C:/Users/dell/techsaga/crm_app/laravel/vendor/laravel/framework/src/Illuminate/Encryption/EncryptionServiceProvider.php(81): tap()
#2 C:/Users/dell/techsaga/crm_app/laravel/vendor/laravel/framework/src/Illuminate/Encryption/EncryptionServiceProvider.php(64): Illuminate/Encryption/EncryptionServiceProvider->key()
#3 C:/Users/dell/techsaga/crm_app/laravel/vendor/laravel/framework/src/Illuminate/Encryption/EncryptionServiceProvider.php(32): Illuminate/Encryption/EncryptionServiceProvider->parseKey()
#4 C:/Users/dell/techsaga/crm_app/laravel/vendor/laravel/framework/src/Illuminate/Container/Container.php(1140): Illuminate/Encryption/EncryptionServiceProvider->Illuminate/Encryption/{closure}()
#5 C:/Users/dell/techsaga/crm_app/laravel/vendor/laravel/framework/src/Illuminate/Container/Container.php(939): Illuminate/Container/Container->build()
#6 C:/Users/dell/techsaga/crm_app/laravel/vendor/laravel/framework/src/Illuminate/Foundation/Application.php(1086): Illuminate/Container/Container->resolve()
#7 C:/Users/dell/techsaga/crm_app/laravel/vendor/laravel/framework/src/Illuminate/Container/Container.php(867): Illuminate/Foundation/Application->resolve()
#8 C:/Users/dell/techsaga/crm_app/laravel/vendor/laravel/framework/src/Illuminate/Foundation/Application.php(1066): Illuminate/Container/Container->make()
#9 C:/Users/dell/techsaga/crm_app/laravel/vendor/laravel/framework/src/Illuminate/Container/Container.php(1363): Illuminate/Foundation/Application->make()
#10 C:/Users/dell/techsaga/crm_app/laravel/vendor/laravel/framework/src/Illuminate/Container/Container.php(1264): Illuminate/Container/Container->resolveClass()
#11 C:/Users/dell/techsaga/crm_app/laravel/vendor/laravel/framework/src/Illuminate/Container/Container.php(1187): Illuminate/Container/Container->resolveDependencies()
#12 C:/Users/dell/techsaga/crm_app/laravel/vendor/laravel/framework/src/Illuminate/Container/Container.php(939): Illuminate/Container/Container->build()
#13 C:/Users/dell/techsaga/crm_app/laravel/vendor/laravel/framework/src/Illuminate/Foundation/Application.php(1086): Illuminate/Container/Container->resolve()
#14 C:/Users/dell/techsaga/crm_app/laravel/vendor/laravel/framework/src/Illuminate/Container/Container.php(867): Illuminate/Foundation/Application->resolve()
#15 C:/Users/dell/techsaga/crm_app/laravel/vendor/laravel/framework/src/Illuminate/Foundation/Application.php(1066): Illuminate/Container/Container->make()
#16 C:/Users/dell/techsaga/crm_app/laravel/vendor/laravel/framework/src/Illuminate/Pipeline/Pipeline.php(208): Illuminate/Foundation/Application->make()
#17 C:/Users/dell/techsaga/crm_app/laravel/vendor/laravel/framework/src/Illuminate/Pipeline/Pipeline.php(137): Illuminate/Pipeline/Pipeline->Illuminate/Pipeline/{closure}()
#18 C:/Users/dell/techsaga/crm_app/laravel/vendor/laravel/framework/src/Illuminate/Routing/Router.php(821): Illuminate/Pipeline/Pipeline->then()
#19 C:/Users/dell/techsaga/crm_app/laravel/vendor/laravel/framework/src/Illuminate/Routing/Router.php(800): Illuminate/Routing/Router->runRouteWithinStack()
#20 C:/Users/dell/techsaga/crm_app/laravel/vendor/laravel/framework/src/Illuminate/Routing/Router.php(764): Illuminate/Routing/Router->runRoute()
#21 C:/Users/dell/techsaga/crm_app/laravel/vendor/laravel/framework/src/Illuminate/Routing/Router.php(753): Illuminate/Routing/Router->dispatchToRoute()
#22 C:/Users/dell/techsaga/crm_app/laravel/vendor/laravel/framework/src/Illuminate/Foundation/Http/Kernel.php(200): Illuminate/Routing/Router->dispatch()
#23 C:/Users/dell/techsaga/crm_app/laravel/vendor/laravel/framework/src/Illuminate/Pipeline/Pipeline.php(180): Illuminate/Foundation/Http/Kernel->Illuminate/Foundation/Http/{closure}()
#24 C:/Users/dell/techsaga/crm_app/laravel/vendor/laravel/framework/src/Illuminate/Foundation/Http/Middleware/TransformsRequest.php(21): Illuminate/Pipeline/Pipeline->Illuminate/Pipeline/{closure}()
#25 C:/Users/dell/techsaga/crm_app/laravel/vendor/laravel/framework/src/Illuminate/Foundation/Http/Middleware/ConvertEmptyStringsToNull.php(31): Illuminate/Foundation/Http/Middleware/TransformsRequest->handle()
#26 C:/Users/dell/techsaga/crm_app/laravel/vendor/laravel/framework/src/Illuminate/Pipeline/Pipeline.php(219): Illuminate/Foundation/Http/Middleware/ConvertEmptyStringsToNull->handle()
#27 C:/Users/dell/techsaga/crm_app/laravel/vendor/laravel/framework/src/Illuminate/Foundation/Http/Middleware/TransformsRequest.php(21): Illuminate/Pipeline/Pipeline->Illuminate/Pipeline/{closure}()
#28 C:/Users/dell/techsaga/crm_app/laravel/vendor/laravel/framework/src/Illuminate/Foundation/Http/Middleware/TrimStrings.php(51): Illuminate/Foundation/Http/Middleware/TransformsRequest->handle()
#29 C:/Users/dell/techsaga/crm_app/laravel/vendor/laravel/framework/src/Illuminate/Pipeline/Pipeline.php(219): Illuminate/Foundation/Http/Middleware/TrimStrings->handle()
#30 C:/Users/dell/techsaga/crm_app/laravel/vendor/laravel/framework/src/Illuminate/Http/Middleware/ValidatePostSize.php(27): Illuminate/Pipeline/Pipeline->Illuminate/Pipeline/{closure}()
#31 C:/Users/dell/techsaga/crm_app/laravel/vendor/laravel/framework/src/Illuminate/Pipeline/Pipeline.php(219): Illuminate/Http/Middleware/ValidatePostSize->handle()
#32 C:/Users/dell/techsaga/crm_app/laravel/vendor/laravel/framework/src/Illuminate/Foundation/Http/Middleware/PreventRequestsDuringMaintenance.php(110): Illuminate/Pipeline/Pipeline->Illuminate/Pipeline/{closure}()
#33 C:/Users/dell/techsaga/crm_app/laravel/vendor/laravel/framework/src/Illuminate/Pipeline/Pipeline.php(219): Illuminate/Foundation/Http/Middleware/PreventRequestsDuringMaintenance->handle()
#34 C:/Users/dell/techsaga/crm_app/laravel/vendor/laravel/framework/src/Illuminate/Http/Middleware/HandleCors.php(61): Illuminate/Pipeline/Pipeline->Illuminate/Pipeline/{closure}()
#35 C:/Users/dell/techsaga/crm_app/laravel/vendor/laravel/framework/src/Illuminate/Pipeline/Pipeline.php(219): Illuminate/Http/Middleware/HandleCors->handle()
#36 C:/Users/dell/techsaga/crm_app/laravel/vendor/laravel/framework/src/Illuminate/Http/Middleware/TrustProxies.php(58): Illuminate/Pipeline/Pipeline->Illuminate/Pipeline/{closure}()
#37 C:/Users/dell/techsaga/crm_app/laravel/vendor/laravel/framework/src/Illuminate/Pipeline/Pipeline.php(219): Illuminate/Http/Middleware/TrustProxies->handle()
#38 C:/Users/dell/techsaga/crm_app/laravel/vendor/laravel/framework/src/Illuminate/Foundation/Http/Middleware/InvokeDeferredCallbacks.php(22): Illuminate/Pipeline/Pipeline->Illuminate/Pipeline/{closure}()
#39 C:/Users/dell/techsaga/crm_app/laravel/vendor/laravel/framework/src/Illuminate/Pipeline/Pipeline.php(219): Illuminate/Foundation/Http/Middleware/InvokeDeferredCallbacks->handle()
#40 C:/Users/dell/techsaga/crm_app/laravel/vendor/laravel/framework/src/Illuminate/Http/Middleware/ValidatePathEncoding.php(28): Illuminate/Pipeline/Pipeline->Illuminate/Pipeline/{closure}()
#41 C:/Users/dell/techsaga/crm_app/laravel/vendor/laravel/framework/src/Illuminate/Pipeline/Pipeline.php(219): Illuminate/Http/Middleware/ValidatePathEncoding->handle()
#42 C:/Users/dell/techsaga/crm_app/laravel/vendor/laravel/framework/src/Illuminate/Pipeline/Pipeline.php(137): Illuminate/Pipeline/Pipeline->Illuminate/Pipeline/{closure}()
#43 C:/Users/dell/techsaga/crm_app/laravel/vendor/laravel/framework/src/Illuminate/Foundation/Http/Kernel.php(175): Illuminate/Pipeline/Pipeline->then()
#44 C:/Users/dell/techsaga/crm_app/laravel/vendor/laravel/framework/src/Illuminate/Foundation/Http/Kernel.php(144): Illuminate/Foundation/Http/Kernel->sendRequestThroughRouter()
#45 C:/Users/dell/techsaga/crm_app/laravel/vendor/laravel/framework/src/Illuminate/Foundation/Application.php(1228): Illuminate/Foundation/Http/Kernel->handle()
#46 C:/Users/dell/techsaga/crm_app/laravel/public/index.php(20): Illuminate/Foundation/Application->handleRequest()
#47 C:/Users/dell/techsaga/crm_app/laravel/vendor/laravel/framework/src/Illuminate/Foundation/resources/server.php(23): require_once('...')
#48 {main}
"} 
[2026-10-05 13:10:53] local.ERROR: No application encryption key has been specified. {"exception":"[object] (Illuminate\\Encryption\\MissingAppKeyException(code: 0): No application encryption key has been specified. at C:/Users/dell/techsaga/crm_app/laravel/vendor/laravel/framework/src/Illuminate/Encryption/EncryptionServiceProvider.php:83)
[stacktrace]
#0 C:/Users/dell/techsaga/crm_app/laravel/vendor/laravel/framework/src/Illuminate/Support/helpers.php(393): Illuminate/Encryption/EncryptionServiceProvider->Illuminate/Encryption/{closure}()
#1 C:/Users/dell/techsaga/crm_app/laravel/vendor/laravel/framework/src/Illuminate/Encryption/EncryptionServiceProvider.php(81): tap()
#2 C:/Users/dell/techsaga/crm_app/laravel/vendor/laravel/framework/src/Illuminate/Encryption/EncryptionServiceProvider.php(64): Illuminate/Encryption/EncryptionServiceProvider->key()
#3 C:/Users/dell/techsaga/crm_app/laravel/vendor/laravel/framework/src/Illuminate/Encryption/EncryptionServiceProvider.php(32): Illuminate/Encryption/EncryptionServiceProvider->parseKey()
#4 C:/Users/dell/techsaga/crm_app/laravel/vendor/laravel/framework/src/Illuminate/Container/Container.php(1140): Illuminate/Encryption/EncryptionServiceProvider->Illuminate/Encryption/{closure}()
#5 C:/Users/dell/techsaga/crm_app/laravel/vendor/laravel/framework/src/Illuminate/Container/Container.php(939): Illuminate/Container/Container->build()
#6 C:/Users/dell/techsaga/crm_app/laravel/vendor/laravel/framework/src/Illuminate/Foundation/Application.php(1086): Illuminate/Container/Container->resolve()
#7 C:/Users/dell/techsaga/crm_app/laravel/vendor/laravel/framework/src/Illuminate/Container/Container.php(867): Illuminate/Foundation/Application->resolve()
#8 C:/Users/dell/techsaga/crm_app/laravel/vendor/laravel/framework/src/Illuminate/Foundation/Application.php(1066): Illuminate/Container/Container->make()
#9 C:/Users/dell/techsaga/crm_app/laravel/vendor/laravel/framework/src/Illuminate/Container/Container.php(1363): Illuminate/Foundation/Application->make()
#10 C:/Users/dell/techsaga/crm_app/laravel/vendor/laravel/framework/src/Illuminate/Container/Container.php(1264): Illuminate/Container/Container->resolveClass()
#11 C:/Users/dell/techsaga/crm_app/laravel/vendor/laravel/framework/src/Illuminate/Container/Container.php(1187): Illuminate/Container/Container->resolveDependencies()
#12 C:/Users/dell/techsaga/crm_app/laravel/vendor/laravel/framework/src/Illuminate/Container/Container.php(939): Illuminate/Container/Container->build()
#13 C:/Users/dell/techsaga/crm_app/laravel/vendor/laravel/framework/src/Illuminate/Foundation/Application.php(1086): Illuminate/Container/Container->resolve()
#14 C:/Users/dell/techsaga/crm_app/laravel/vendor/laravel/framework/src/Illuminate/Container/Container.php(867): Illuminate/Foundation/Application->resolve()
#15 C:/Users/dell/techsaga/crm_app/laravel/vendor/laravel/framework/src/Illuminate/Foundation/Application.php(1066): Illuminate/Container/Container->make()
#16 C:/Users/dell/techsaga/crm_app/laravel/vendor/laravel/framework/src/Illuminate/Foundation/Http/Kernel.php(257): Illuminate/Foundation/Application->make()
#17 C:/Users/dell/techsaga/crm_app/laravel/vendor/laravel/framework/src/Illuminate/Foundation/Http/Kernel.php(215): Illuminate/Foundation/Http/Kernel->terminateMiddleware()
#18 C:/Users/dell/techsaga/crm_app/laravel/vendor/laravel/framework/src/Illuminate/Foundation/Application.php(1230): Illuminate/Foundation/Http/Kernel->terminate()
#19 C:/Users/dell/techsaga/crm_app/laravel/public/index.php(20): Illuminate/Foundation/Application->handleRequest()
#20 C:/Users/dell/techsaga/crm_app/laravel/vendor/laravel/framework/src/Illuminate/Foundation/resources/server.php(23): require_once('...')
#21 {main}
"} 
[2026-10-05 13:12:19] local.ERROR: Database file at path [C:\Users\dell\techsaga\crm_app\laravel\database\database.sqlite] does not exist. Ensure this is an absolute path to the database. (Connection: sqlite, Database: C:\Users\dell\techsaga\crm_app\laravel\database\database.sqlite, SQL: select * from "sessions" where "id" = yxIjXwQjexZDX50td2bJfM7GYuXdQxEVztizM1s7 limit 1) {"exception":"[object] (Illuminate\\Database\\QueryException(code: 0): Database file at path [C:\\Users\\dell\\techsaga\\crm_app\\laravel\\database\\database.sqlite] does not exist. Ensure this is an absolute path to the database. (Connection: sqlite, Database: C:\\Users\\dell\\techsaga\\crm_app\\laravel\\database\\database.sqlite, SQL: select * from \"sessions\" where \"id\" = yxIjXwQjexZDX50td2bJfM7GYuXdQxEVztizM1s7 limit 1) at C:/Users/dell/techsaga/crm_app/laravel/vendor/laravel/framework/src/Illuminate/Database/Connection.php:857)
[stacktrace]
#0 C:/Users/dell/techsaga/crm_app/laravel/vendor/laravel/framework/src/Illuminate/Database/Connection.php(813): Illuminate/Database/Connection->runQueryCallback()
#1 C:/Users/dell/techsaga/crm_app/laravel/vendor/laravel/framework/src/Illuminate/Database/Connection.php(426): Illuminate/Database/Connection->run()
#2 C:/Users/dell/techsaga/crm_app/laravel/vendor/laravel/framework/src/Illuminate/Database/Query/Builder.php(3636): Illuminate/Database/Connection->select()
#3 C:/Users/dell/techsaga/crm_app/laravel/vendor/laravel/framework/src/Illuminate/Database/Query/Builder.php(3620): Illuminate/Database/Query/Builder->runSelect()
#4 C:/Users/dell/techsaga/crm_app/laravel/vendor/laravel/framework/src/Illuminate/Database/Concerns/BuildsQueries.php(408): Illuminate/Database/Query/Builder->get()
#5 C:/Users/dell/techsaga/crm_app/laravel/vendor/laravel/framework/src/Illuminate/Database/Query/Builder.php(3538): Illuminate/Database/Query/Builder->first()
#6 C:/Users/dell/techsaga/crm_app/laravel/vendor/laravel/framework/src/Illuminate/Session/DatabaseSessionHandler.php(117): Illuminate/Database/Query/Builder->find()
#7 C:/Users/dell/techsaga/crm_app/laravel/vendor/laravel/framework/src/Illuminate/Session/Store.php(128): Illuminate/Session/DatabaseSessionHandler->read()
#8 C:/Users/dell/techsaga/crm_app/laravel/vendor/laravel/framework/src/Illuminate/Session/Store.php(116): Illuminate/Session/Store->readFromHandler()
#9 C:/Users/dell/techsaga/crm_app/laravel/vendor/laravel/framework/src/Illuminate/Session/Store.php(100): Illuminate/Session/Store->loadSession()
#10 C:/Users/dell/techsaga/crm_app/laravel/vendor/laravel/framework/src/Illuminate/Session/Middleware/StartSession.php(146): Illuminate/Session/Store->start()
#11 C:/Users/dell/techsaga/crm_app/laravel/vendor/laravel/framework/src/Illuminate/Support/helpers.php(393): Illuminate/Session/Middleware/StartSession->Illuminate/Session/Middleware/{closure}()
#12 C:/Users/dell/techsaga/crm_app/laravel/vendor/laravel/framework/src/Illuminate/Session/Middleware/StartSession.php(143): tap()
#13 C:/Users/dell/techsaga/crm_app/laravel/vendor/laravel/framework/src/Illuminate/Session/Middleware/StartSession.php(115): Illuminate/Session/Middleware/StartSession->startSession()
#14 C:/Users/dell/techsaga/crm_app/laravel/vendor/laravel/framework/src/Illuminate/Session/Middleware/StartSession.php(63): Illuminate/Session/Middleware/StartSession->handleStatefulRequest()
#15 C:/Users/dell/techsaga/crm_app/laravel/vendor/laravel/framework/src/Illuminate/Pipeline/Pipeline.php(219): Illuminate/Session/Middleware/StartSession->handle()
#16 C:/Users/dell/techsaga/crm_app/laravel/vendor/laravel/framework/src/Illuminate/Cookie/Middleware/AddQueuedCookiesToResponse.php(36): Illuminate/Pipeline/Pipeline->Illuminate/Pipeline/{closure}()
#17 C:/Users/dell/techsaga/crm_app/laravel/vendor/laravel/framework/src/Illuminate/Pipeline/Pipeline.php(219): Illuminate/Cookie/Middleware/AddQueuedCookiesToResponse->handle()
#18 C:/Users/dell/techsaga/crm_app/laravel/vendor/laravel/framework/src/Illuminate/Cookie/Middleware/EncryptCookies.php(74): Illuminate/Pipeline/Pipeline->Illuminate/Pipeline/{closure}()
#19 C:/Users/dell/techsaga/crm_app/laravel/vendor/laravel/framework/src/Illuminate/Pipeline/Pipeline.php(219): Illuminate/Cookie/Middleware/EncryptCookies->handle()
#20 C:/Users/dell/techsaga/crm_app/laravel/vendor/laravel/framework/src/Illuminate/Pipeline/Pipeline.php(137): Illuminate/Pipeline/Pipeline->Illuminate/Pipeline/{closure}()
#21 C:/Users/dell/techsaga/crm_app/laravel/vendor/laravel/framework/src/Illuminate/Routing/Router.php(821): Illuminate/Pipeline/Pipeline->then()
#22 C:/Users/dell/techsaga/crm_app/laravel/vendor/laravel/framework/src/Illuminate/Routing/Router.php(800): Illuminate/Routing/Router->runRouteWithinStack()
#23 C:/Users/dell/techsaga/crm_app/laravel/vendor/laravel/framework/src/Illuminate/Routing/Router.php(764): Illuminate/Routing/Router->runRoute()
#24 C:/Users/dell/techsaga/crm_app/laravel/vendor/laravel/framework/src/Illuminate/Routing/Router.php(753): Illuminate/Routing/Router->dispatchToRoute()
#25 C:/Users/dell/techsaga/crm_app/laravel/vendor/laravel/framework/src/Illuminate/Foundation/Http/Kernel.php(200): Illuminate/Routing/Router->dispatch()
#26 C:/Users/dell/techsaga/crm_app/laravel/vendor/laravel/framework/src/Illuminate/Pipeline/Pipeline.php(180): Illuminate/Foundation/Http/Kernel->Illuminate/Foundation/Http/{closure}()
#27 C:/Users/dell/techsaga/crm_app/laravel/vendor/laravel/framework/src/Illuminate/Foundation/Http/Middleware/TransformsRequest.php(21): Illuminate/Pipeline/Pipeline->Illuminate/Pipeline/{closure}()
#28 C:/Users/dell/techsaga/crm_app/laravel/vendor/laravel/framework/src/Illuminate/Foundation/Http/Middleware/ConvertEmptyStringsToNull.php(31): Illuminate/Foundation/Http/Middleware/TransformsRequest->handle()
#29 C:/Users/dell/techsaga/crm_app/laravel/vendor/laravel/framework/src/Illuminate/Pipeline/Pipeline.php(219): Illuminate/Foundation/Http/Middleware/ConvertEmptyStringsToNull->handle()
#30 C:/Users/dell/techsaga/crm_app/laravel/vendor/laravel/framework/src/Illuminate/Foundation/Http/Middleware/TransformsRequest.php(21): Illuminate/Pipeline/Pipeline->Illuminate/Pipeline/{closure}()
#31 C:/Users/dell/techsaga/crm_app/laravel/vendor/laravel/framework/src/Illuminate/Foundation/Http/Middleware/TrimStrings.php(51): Illuminate/Foundation/Http/Middleware/TransformsRequest->handle()
#32 C:/Users/dell/techsaga/crm_app/laravel/vendor/laravel/framework/src/Illuminate/Pipeline/Pipeline.php(219): Illuminate/Foundation/Http/Middleware/TrimStrings->handle()
#33 C:/Users/dell/techsaga/crm_app/laravel/vendor/laravel/framework/src/Illuminate/Http/Middleware/ValidatePostSize.php(27): Illuminate/Pipeline/Pipeline->Illuminate/Pipeline/{closure}()
#34 C:/Users/dell/techsaga/crm_app/laravel/vendor/laravel/framework/src/Illuminate/Pipeline/Pipeline.php(219): Illuminate/Http/Middleware/ValidatePostSize->handle()
#35 C:/Users/dell/techsaga/crm_app/laravel/vendor/laravel/framework/src/Illuminate/Foundation/Http/Middleware/PreventRequestsDuringMaintenance.php(110): Illuminate/Pipeline/Pipeline->Illuminate/Pipeline/{closure}()
#36 C:/Users/dell/techsaga/crm_app/laravel/vendor/laravel/framework/src/Illuminate/Pipeline/Pipeline.php(219): Illuminate/Foundation/Http/Middleware/PreventRequestsDuringMaintenance->handle()
#37 C:/Users/dell/techsaga/crm_app/laravel/vendor/laravel/framework/src/Illuminate/Http/Middleware/HandleCors.php(61): Illuminate/Pipeline/Pipeline->Illuminate/Pipeline/{closure}()
#38 C:/Users/dell/techsaga/crm_app/laravel/vendor/laravel/framework/src/Illuminate/Pipeline/Pipeline.php(219): Illuminate/Http/Middleware/HandleCors->handle()
#39 C:/Users/dell/techsaga/crm_app/laravel/vendor/laravel/framework/src/Illuminate/Http/Middleware/TrustProxies.php(58): Illuminate/Pipeline/Pipeline->Illuminate/Pipeline/{closure}()
#40 C:/Users/dell/techsaga/crm_app/laravel/vendor/laravel/framework/src/Illuminate/Pipeline/Pipeline.php(219): Illuminate/Http/Middleware/TrustProxies->handle()
#41 C:/Users/dell/techsaga/crm_app/laravel/vendor/laravel/framework/src/Illuminate/Foundation/Http/Middleware/InvokeDeferredCallbacks.php(22): Illuminate/Pipeline/Pipeline->Illuminate/Pipeline/{closure}()
#42 C:/Users/dell/techsaga/crm_app/laravel/vendor/laravel/framework/src/Illuminate/Pipeline/Pipeline.php(219): Illuminate/Foundation/Http/Middleware/InvokeDeferredCallbacks->handle()
#43 C:/Users/dell/techsaga/crm_app/laravel/vendor/laravel/framework/src/Illuminate/Http/Middleware/ValidatePathEncoding.php(28): Illuminate/Pipeline/Pipeline->Illuminate/Pipeline/{closure}()
#44 C:/Users/dell/techsaga/crm_app/laravel/vendor/laravel/framework/src/Illuminate/Pipeline/Pipeline.php(219): Illuminate/Http/Middleware/ValidatePathEncoding->handle()
#45 C:/Users/dell/techsaga/crm_app/laravel/vendor/laravel/framework/src/Illuminate/Pipeline/Pipeline.php(137): Illuminate/Pipeline/Pipeline->Illuminate/Pipeline/{closure}()
#46 C:/Users/dell/techsaga/crm_app/laravel/vendor/laravel/framework/src/Illuminate/Foundation/Http/Kernel.php(175): Illuminate/Pipeline/Pipeline->then()
#47 C:/Users/dell/techsaga/crm_app/laravel/vendor/laravel/framework/src/Illuminate/Foundation/Http/Kernel.php(144): Illuminate/Foundation/Http/Kernel->sendRequestThroughRouter()
#48 C:/Users/dell/techsaga/crm_app/laravel/vendor/laravel/framework/src/Illuminate/Foundation/Application.php(1228): Illuminate/Foundation/Http/Kernel->handle()
#49 C:/Users/dell/techsaga/crm_app/laravel/public/index.php(20): Illuminate/Foundation/Application->handleRequest()
#50 C:/Users/dell/techsaga/crm_app/laravel/vendor/laravel/framework/src/Illuminate/Foundation/resources/server.php(23): require_once('...')
#51 {main}

[previous exception] [object] (Illuminate\\Database\\SQLiteDatabaseDoesNotExistException(code: 0): Database file at path [C:\\Users\\dell\\techsaga\\crm_app\\laravel\\database\\database.sqlite] does not exist. Ensure this is an absolute path to the database. at C:/Users/dell/techsaga/crm_app/laravel/vendor/laravel/framework/src/Illuminate/Database/Connectors/SQLiteConnector.php:61)
[stacktrace]
#0 C:/Users/dell/techsaga/crm_app/laravel/vendor/laravel/framework/src/Illuminate/Database/Connectors/SQLiteConnector.php(19): Illuminate/Database/Connectors/SQLiteConnector->parseDatabasePath()
#1 C:/Users/dell/techsaga/crm_app/laravel/vendor/laravel/framework/src/Illuminate/Database/Connectors/ConnectionFactory.php(259): Illuminate/Database/Connectors/SQLiteConnector->connect()
#2 [internal function]: Illuminate/Database/Connectors/ConnectionFactory->Illuminate/Database/Connectors/{closure}()
#3 C:/Users/dell/techsaga/crm_app/laravel/vendor/laravel/framework/src/Illuminate/Database/Connection.php(1298): call_user_func()
#4 C:/Users/dell/techsaga/crm_app/laravel/vendor/laravel/framework/src/Illuminate/Database/Connection.php(542): Illuminate/Database/Connection->getPdo()
#5 C:/Users/dell/techsaga/crm_app/laravel/vendor/laravel/framework/src/Illuminate/Database/Connection.php(435): Illuminate/Database/Connection->getPdoForSelect()
#6 C:/Users/dell/techsaga/crm_app/laravel/vendor/laravel/framework/src/Illuminate/Database/Connection.php(846): Illuminate/Database/Connection->Illuminate/Database/{closure}()
#7 C:/Users/dell/techsaga/crm_app/laravel/vendor/laravel/framework/src/Illuminate/Database/Connection.php(813): Illuminate/Database/Connection->runQueryCallback()
#8 C:/Users/dell/techsaga/crm_app/laravel/vendor/laravel/framework/src/Illuminate/Database/Connection.php(426): Illuminate/Database/Connection->run()
#9 C:/Users/dell/techsaga/crm_app/laravel/vendor/laravel/framework/src/Illuminate/Database/Query/Builder.php(3636): Illuminate/Database/Connection->select()
#10 C:/Users/dell/techsaga/crm_app/laravel/vendor/laravel/framework/src/Illuminate/Database/Query/Builder.php(3620): Illuminate/Database/Query/Builder->runSelect()
#11 C:/Users/dell/techsaga/crm_app/laravel/vendor/laravel/framework/src/Illuminate/Database/Concerns/BuildsQueries.php(408): Illuminate/Database/Query/Builder->get()
#12 C:/Users/dell/techsaga/crm_app/laravel/vendor/laravel/framework/src/Illuminate/Database/Query/Builder.php(3538): Illuminate/Database/Query/Builder->first()
#13 C:/Users/dell/techsaga/crm_app/laravel/vendor/laravel/framework/src/Illuminate/Session/DatabaseSessionHandler.php(117): Illuminate/Database/Query/Builder->find()
#14 C:/Users/dell/techsaga/crm_app/laravel/vendor/laravel/framework/src/Illuminate/Session/Store.php(128): Illuminate/Session/DatabaseSessionHandler->read()
#15 C:/Users/dell/techsaga/crm_app/laravel/vendor/laravel/framework/src/Illuminate/Session/Store.php(116): Illuminate/Session/Store->readFromHandler()
#16 C:/Users/dell/techsaga/crm_app/laravel/vendor/laravel/framework/src/Illuminate/Session/Store.php(100): Illuminate/Session/Store->loadSession()
#17 C:/Users/dell/techsaga/crm_app/laravel/vendor/laravel/framework/src/Illuminate/Session/Middleware/StartSession.php(146): Illuminate/Session/Store->start()
#18 C:/Users/dell/techsaga/crm_app/laravel/vendor/laravel/framework/src/Illuminate/Support/helpers.php(393): Illuminate/Session/Middleware/StartSession->Illuminate/Session/Middleware/{closure}()
#19 C:/Users/dell/techsaga/crm_app/laravel/vendor/laravel/framework/src/Illuminate/Session/Middleware/StartSession.php(143): tap()
#20 C:/Users/dell/techsaga/crm_app/laravel/vendor/laravel/framework/src/Illuminate/Session/Middleware/StartSession.php(115): Illuminate/Session/Middleware/StartSession->startSession()
#21 C:/Users/dell/techsaga/crm_app/laravel/vendor/laravel/framework/src/Illuminate/Session/Middleware/StartSession.php(63): Illuminate/Session/Middleware/StartSession->handleStatefulRequest()
#22 C:/Users/dell/techsaga/crm_app/laravel/vendor/laravel/framework/src/Illuminate/Pipeline/Pipeline.php(219): Illuminate/Session/Middleware/StartSession->handle()
#23 C:/Users/dell/techsaga/crm_app/laravel/vendor/laravel/framework/src/Illuminate/Cookie/Middleware/AddQueuedCookiesToResponse.php(36): Illuminate/Pipeline/Pipeline->Illuminate/Pipeline/{closure}()
#24 C:/Users/dell/techsaga/crm_app/laravel/vendor/laravel/framework/src/Illuminate/Pipeline/Pipeline.php(219): Illuminate/Cookie/Middleware/AddQueuedCookiesToResponse->handle()
#25 C:/Users/dell/techsaga/crm_app/laravel/vendor/laravel/framework/src/Illuminate/Cookie/Middleware/EncryptCookies.php(74): Illuminate/Pipeline/Pipeline->Illuminate/Pipeline/{closure}()
#26 C:/Users/dell/techsaga/crm_app/laravel/vendor/laravel/framework/src/Illuminate/Pipeline/Pipeline.php(219): Illuminate/Cookie/Middleware/EncryptCookies->handle()
#27 C:/Users/dell/techsaga/crm_app/laravel/vendor/laravel/framework/src/Illuminate/Pipeline/Pipeline.php(137): Illuminate/Pipeline/Pipeline->Illuminate/Pipeline/{closure}()
#28 C:/Users/dell/techsaga/crm_app/laravel/vendor/laravel/framework/src/Illuminate/Routing/Router.php(821): Illuminate/Pipeline/Pipeline->then()
#29 C:/Users/dell/techsaga/crm_app/laravel/vendor/laravel/framework/src/Illuminate/Routing/Router.php(800): Illuminate/Routing/Router->runRouteWithinStack()
#30 C:/Users/dell/techsaga/crm_app/laravel/vendor/laravel/framework/src/Illuminate/Routing/Router.php(764): Illuminate/Routing/Router->runRoute()
#31 C:/Users/dell/techsaga/crm_app/laravel/vendor/laravel/framework/src/Illuminate/Routing/Router.php(753): Illuminate/Routing/Router->dispatchToRoute()
#32 C:/Users/dell/techsaga/crm_app/laravel/vendor/laravel/framework/src/Illuminate/Foundation/Http/Kernel.php(200): Illuminate/Routing/Router->dispatch()
#33 C:/Users/dell/techsaga/crm_app/laravel/vendor/laravel/framework/src/Illuminate/Pipeline/Pipeline.php(180): Illuminate/Foundation/Http/Kernel->Illuminate/Foundation/Http/{closure}()
#34 C:/Users/dell/techsaga/crm_app/laravel/vendor/laravel/framework/src/Illuminate/Foundation/Http/Middleware/TransformsRequest.php(21): Illuminate/Pipeline/Pipeline->Illuminate/Pipeline/{closure}()
#35 C:/Users/dell/techsaga/crm_app/laravel/vendor/laravel/framework/src/Illuminate/Foundation/Http/Middleware/ConvertEmptyStringsToNull.php(31): Illuminate/Foundation/Http/Middleware/TransformsRequest->handle()
#36 C:/Users/dell/techsaga/crm_app/laravel/vendor/laravel/framework/src/Illuminate/Pipeline/Pipeline.php(219): Illuminate/Foundation/Http/Middleware/ConvertEmptyStringsToNull->handle()
#37 C:/Users/dell/techsaga/crm_app/laravel/vendor/laravel/framework/src/Illuminate/Foundation/Http/Middleware/TransformsRequest.php(21): Illuminate/Pipeline/Pipeline->Illuminate/Pipeline/{closure}()
#38 C:/Users/dell/techsaga/crm_app/laravel/vendor/laravel/framework/src/Illuminate/Foundation/Http/Middleware/TrimStrings.php(51): Illuminate/Foundation/Http/Middleware/TransformsRequest->handle()
#39 C:/Users/dell/techsaga/crm_app/laravel/vendor/laravel/framework/src/Illuminate/Pipeline/Pipeline.php(219): Illuminate/Foundation/Http/Middleware/TrimStrings->handle()
#40 C:/Users/dell/techsaga/crm_app/laravel/vendor/laravel/framework/src/Illuminate/Http/Middleware/ValidatePostSize.php(27): Illuminate/Pipeline/Pipeline->Illuminate/Pipeline/{closure}()
#41 C:/Users/dell/techsaga/crm_app/laravel/vendor/laravel/framework/src/Illuminate/Pipeline/Pipeline.php(219): Illuminate/Http/Middleware/ValidatePostSize->handle()
#42 C:/Users/dell/techsaga/crm_app/laravel/vendor/laravel/framework/src/Illuminate/Foundation/Http/Middleware/PreventRequestsDuringMaintenance.php(110): Illuminate/Pipeline/Pipeline->Illuminate/Pipeline/{closure}()
#43 C:/Users/dell/techsaga/crm_app/laravel/vendor/laravel/framework/src/Illuminate/Pipeline/Pipeline.php(219): Illuminate/Foundation/Http/Middleware/PreventRequestsDuringMaintenance->handle()
#44 C:/Users/dell/techsaga/crm_app/laravel/vendor/laravel/framework/src/Illuminate/Http/Middleware/HandleCors.php(61): Illuminate/Pipeline/Pipeline->Illuminate/Pipeline/{closure}()
#45 C:/Users/dell/techsaga/crm_app/laravel/vendor/laravel/framework/src/Illuminate/Pipeline/Pipeline.php(219): Illuminate/Http/Middleware/HandleCors->handle()
#46 C:/Users/dell/techsaga/crm_app/laravel/vendor/laravel/framework/src/Illuminate/Http/Middleware/TrustProxies.php(58): Illuminate/Pipeline/Pipeline->Illuminate/Pipeline/{closure}()
#47 C:/Users/dell/techsaga/crm_app/laravel/vendor/laravel/framework/src/Illuminate/Pipeline/Pipeline.php(219): Illuminate/Http/Middleware/TrustProxies->handle()
#48 C:/Users/dell/techsaga/crm_app/laravel/vendor/laravel/framework/src/Illuminate/Foundation/Http/Middleware/InvokeDeferredCallbacks.php(22): Illuminate/Pipeline/Pipeline->Illuminate/Pipeline/{closure}()
#49 C:/Users/dell/techsaga/crm_app/laravel/vendor/laravel/framework/src/Illuminate/Pipeline/Pipeline.php(219): Illuminate/Foundation/Http/Middleware/InvokeDeferredCallbacks->handle()
#50 C:/Users/dell/techsaga/crm_app/laravel/vendor/laravel/framework/src/Illuminate/Http/Middleware/ValidatePathEncoding.php(28): Illuminate/Pipeline/Pipeline->Illuminate/Pipeline/{closure}()
#51 C:/Users/dell/techsaga/crm_app/laravel/vendor/laravel/framework/src/Illuminate/Pipeline/Pipeline.php(219): Illuminate/Http/Middleware/ValidatePathEncoding->handle()
#52 C:/Users/dell/techsaga/crm_app/laravel/vendor/laravel/framework/src/Illuminate/Pipeline/Pipeline.php(137): Illuminate/Pipeline/Pipeline->Illuminate/Pipeline/{closure}()
#53 C:/Users/dell/techsaga/crm_app/laravel/vendor/laravel/framework/src/Illuminate/Foundation/Http/Kernel.php(175): Illuminate/Pipeline/Pipeline->then()
#54 C:/Users/dell/techsaga/crm_app/laravel/vendor/laravel/framework/src/Illuminate/Foundation/Http/Kernel.php(144): Illuminate/Foundation/Http/Kernel->sendRequestThroughRouter()
#55 C:/Users/dell/techsaga/crm_app/laravel/vendor/laravel/framework/src/Illuminate/Foundation/Application.php(1228): Illuminate/Foundation/Http/Kernel->handle()
#56 C:/Users/dell/techsaga/crm_app/laravel/public/index.php(20): Illuminate/Foundation/Application->handleRequest()
#57 C:/Users/dell/techsaga/crm_app/laravel/vendor/laravel/framework/src/Illuminate/Foundation/resources/server.php(23): require_once('...')
#58 {main}
"} 
[2026-10-05 13:13:49] local.ERROR: Command "config:clearphp" is not defined.

Did you mean one of these?
    config:cache
    config:clear
    config:make
    config:publish
    config:show {"exception":"[object] (Symfony\\Component\\Console\\Exception\\CommandNotFoundException(code: 0): Command \"config:clearphp\" is not defined.

Did you mean one of these?
    config:cache
    config:clear
    config:make
    config:publish
    config:show at C:/Users/dell/techsaga/crm_app/laravel/vendor/symfony/console/Application.php:759)
[stacktrace]
#0 C:/Users/dell/techsaga/crm_app/laravel/vendor/symfony/console/Application.php(298): Symfony/Component/Console/Application->find()
#1 C:/Users/dell/techsaga/crm_app/laravel/vendor/symfony/console/Application.php(195): Symfony/Component/Console/Application->doRun()
#2 C:/Users/dell/techsaga/crm_app/laravel/vendor/laravel/framework/src/Illuminate/Foundation/Console/Kernel.php(198): Symfony/Component/Console/Application->run()
#3 C:/Users/dell/techsaga/crm_app/laravel/vendor/laravel/framework/src/Illuminate/Foundation/Application.php(1243): Illuminate/Foundation/Console/Kernel->handle()
#4 C:/Users/dell/techsaga/crm_app/laravel/artisan(16): Illuminate/Foundation/Application->handleCommand()
#5 {main}
"} 
[2026-10-05 13:13:57] local.ERROR: No arguments expected for "config:clear" command, got "php". {"exception":"[object] (Symfony\\Component\\Console\\Exception\\RuntimeException(code: 0): No arguments expected for \"config:clear\" command, got \"php\". at C:/Users/dell/techsaga/crm_app/laravel/vendor/symfony/console/Input/ArgvInput.php:199)
[stacktrace]
#0 C:/Users/dell/techsaga/crm_app/laravel/vendor/symfony/console/Input/ArgvInput.php(92): Symfony/Component/Console/Input/ArgvInput->parseArgument()
#1 C:/Users/dell/techsaga/crm_app/laravel/vendor/symfony/console/Input/ArgvInput.php(77): Symfony/Component/Console/Input/ArgvInput->parseToken()
#2 C:/Users/dell/techsaga/crm_app/laravel/vendor/symfony/console/Input/Input.php(53): Symfony/Component/Console/Input/ArgvInput->parse()
#3 C:/Users/dell/techsaga/crm_app/laravel/vendor/symfony/console/Command/Command.php(295): Symfony/Component/Console/Input/Input->bind()
#4 C:/Users/dell/techsaga/crm_app/laravel/vendor/laravel/framework/src/Illuminate/Console/Command.php(261): Symfony/Component/Console/Command/Command->run()
#5 C:/Users/dell/techsaga/crm_app/laravel/vendor/symfony/console/Application.php(1117): Illuminate/Console/Command->run()
#6 C:/Users/dell/techsaga/crm_app/laravel/vendor/symfony/console/Application.php(356): Symfony/Component/Console/Application->doRunCommand()
#7 C:/Users/dell/techsaga/crm_app/laravel/vendor/symfony/console/Application.php(195): Symfony/Component/Console/Application->doRun()
#8 C:/Users/dell/techsaga/crm_app/laravel/vendor/laravel/framework/src/Illuminate/Foundation/Console/Kernel.php(198): Symfony/Component/Console/Application->run()
#9 C:/Users/dell/techsaga/crm_app/laravel/vendor/laravel/framework/src/Illuminate/Foundation/Application.php(1243): Illuminate/Foundation/Console/Kernel->handle()
#10 C:/Users/dell/techsaga/crm_app/laravel/artisan(16): Illuminate/Foundation/Application->handleCommand()
#11 {main}
"} 
[2026-10-05 13:14:04] local.ERROR: No arguments expected for "config:clear" command, got "php". {"exception":"[object] (Symfony\\Component\\Console\\Exception\\RuntimeException(code: 0): No arguments expected for \"config:clear\" command, got \"php\". at C:/Users/dell/techsaga/crm_app/laravel/vendor/symfony/console/Input/ArgvInput.php:199)
[stacktrace]
#0 C:/Users/dell/techsaga/crm_app/laravel/vendor/symfony/console/Input/ArgvInput.php(92): Symfony/Component/Console/Input/ArgvInput->parseArgument()
#1 C:/Users/dell/techsaga/crm_app/laravel/vendor/symfony/console/Input/ArgvInput.php(77): Symfony/Component/Console/Input/ArgvInput->parseToken()
#2 C:/Users/dell/techsaga/crm_app/laravel/vendor/symfony/console/Input/Input.php(53): Symfony/Component/Console/Input/ArgvInput->parse()
#3 C:/Users/dell/techsaga/crm_app/laravel/vendor/symfony/console/Command/Command.php(295): Symfony/Component/Console/Input/Input->bind()
#4 C:/Users/dell/techsaga/crm_app/laravel/vendor/laravel/framework/src/Illuminate/Console/Command.php(261): Symfony/Component/Console/Command/Command->run()
#5 C:/Users/dell/techsaga/crm_app/laravel/vendor/symfony/console/Application.php(1117): Illuminate/Console/Command->run()
#6 C:/Users/dell/techsaga/crm_app/laravel/vendor/symfony/console/Application.php(356): Symfony/Component/Console/Application->doRunCommand()
#7 C:/Users/dell/techsaga/crm_app/laravel/vendor/symfony/console/Application.php(195): Symfony/Component/Console/Application->doRun()
#8 C:/Users/dell/techsaga/crm_app/laravel/vendor/laravel/framework/src/Illuminate/Foundation/Console/Kernel.php(198): Symfony/Component/Console/Application->run()
#9 C:/Users/dell/techsaga/crm_app/laravel/vendor/laravel/framework/src/Illuminate/Foundation/Application.php(1243): Illuminate/Foundation/Console/Kernel->handle()
#10 C:/Users/dell/techsaga/crm_app/laravel/artisan(16): Illuminate/Foundation/Application->handleCommand()
#11 {main}
"} 
[2026-10-05 13:16:12] local.ERROR: View [welcomee] not found. {"exception":"[object] (InvalidArgumentException(code: 0): View [welcomee] not found. at C:/Users/dell/techsaga/crm_app/laravel/vendor/laravel/framework/src/Illuminate/View/FileViewFinder.php:138)
[stacktrace]
#0 C:/Users/dell/techsaga/crm_app/laravel/vendor/laravel/framework/src/Illuminate/View/FileViewFinder.php(78): Illuminate/View/FileViewFinder->findInPaths()
#1 C:/Users/dell/techsaga/crm_app/laravel/vendor/laravel/framework/src/Illuminate/View/Factory.php(150): Illuminate/View/FileViewFinder->find()
#2 C:/Users/dell/techsaga/crm_app/laravel/vendor/laravel/framework/src/Illuminate/Foundation/helpers.php(1101): Illuminate/View/Factory->make()
#3 C:/Users/dell/techsaga/crm_app/laravel/routes/web.php(6): view()
#4 C:/Users/dell/techsaga/crm_app/laravel/vendor/laravel/framework/src/Illuminate/Routing/CallableDispatcher.php(39): Illuminate/Routing/RouteFileRegistrar->{closure}()
#5 C:/Users/dell/techsaga/crm_app/laravel/vendor/laravel/framework/src/Illuminate/Routing/Route.php(254): Illuminate/Routing/CallableDispatcher->dispatch()
#6 C:/Users/dell/techsaga/crm_app/laravel/vendor/laravel/framework/src/Illuminate/Routing/Route.php(219): Illuminate/Routing/Route->runCallable()
#7 C:/Users/dell/techsaga/crm_app/laravel/vendor/laravel/framework/src/Illuminate/Routing/Router.php(822): Illuminate/Routing/Route->run()
#8 C:/Users/dell/techsaga/crm_app/laravel/vendor/laravel/framework/src/Illuminate/Pipeline/Pipeline.php(180): Illuminate/Routing/Router->Illuminate/Routing/{closure}()
#9 C:/Users/dell/techsaga/crm_app/laravel/vendor/laravel/framework/src/Illuminate/Routing/Middleware/SubstituteBindings.php(52): Illuminate/Pipeline/Pipeline->Illuminate/Pipeline/{closure}()
#10 C:/Users/dell/techsaga/crm_app/laravel/vendor/laravel/framework/src/Illuminate/Pipeline/Pipeline.php(219): Illuminate/Routing/Middleware/SubstituteBindings->handle()
#11 C:/Users/dell/techsaga/crm_app/laravel/vendor/laravel/framework/src/Illuminate/Foundation/Http/Middleware/PreventRequestForgery.php(104): Illuminate/Pipeline/Pipeline->Illuminate/Pipeline/{closure}()
#12 C:/Users/dell/techsaga/crm_app/laravel/vendor/laravel/framework/src/Illuminate/Pipeline/Pipeline.php(219): Illuminate/Foundation/Http/Middleware/PreventRequestForgery->handle()
#13 C:/Users/dell/techsaga/crm_app/laravel/vendor/laravel/framework/src/Illuminate/View/Middleware/ShareErrorsFromSession.php(48): Illuminate/Pipeline/Pipeline->Illuminate/Pipeline/{closure}()
#14 C:/Users/dell/techsaga/crm_app/laravel/vendor/laravel/framework/src/Illuminate/Pipeline/Pipeline.php(219): Illuminate/View/Middleware/ShareErrorsFromSession->handle()
#15 C:/Users/dell/techsaga/crm_app/laravel/vendor/laravel/framework/src/Illuminate/Session/Middleware/StartSession.php(120): Illuminate/Pipeline/Pipeline->Illuminate/Pipeline/{closure}()
#16 C:/Users/dell/techsaga/crm_app/laravel/vendor/laravel/framework/src/Illuminate/Session/Middleware/StartSession.php(63): Illuminate/Session/Middleware/StartSession->handleStatefulRequest()
#17 C:/Users/dell/techsaga/crm_app/laravel/vendor/laravel/framework/src/Illuminate/Pipeline/Pipeline.php(219): Illuminate/Session/Middleware/StartSession->handle()
#18 C:/Users/dell/techsaga/crm_app/laravel/vendor/laravel/framework/src/Illuminate/Cookie/Middleware/AddQueuedCookiesToResponse.php(36): Illuminate/Pipeline/Pipeline->Illuminate/Pipeline/{closure}()
#19 C:/Users/dell/techsaga/crm_app/laravel/vendor/laravel/framework/src/Illuminate/Pipeline/Pipeline.php(219): Illuminate/Cookie/Middleware/AddQueuedCookiesToResponse->handle()
#20 C:/Users/dell/techsaga/crm_app/laravel/vendor/laravel/framework/src/Illuminate/Cookie/Middleware/EncryptCookies.php(74): Illuminate/Pipeline/Pipeline->Illuminate/Pipeline/{closure}()
#21 C:/Users/dell/techsaga/crm_app/laravel/vendor/laravel/framework/src/Illuminate/Pipeline/Pipeline.php(219): Illuminate/Cookie/Middleware/EncryptCookies->handle()
#22 C:/Users/dell/techsaga/crm_app/laravel/vendor/laravel/framework/src/Illuminate/Pipeline/Pipeline.php(137): Illuminate/Pipeline/Pipeline->Illuminate/Pipeline/{closure}()
#23 C:/Users/dell/techsaga/crm_app/laravel/vendor/laravel/framework/src/Illuminate/Routing/Router.php(821): Illuminate/Pipeline/Pipeline->then()
#24 C:/Users/dell/techsaga/crm_app/laravel/vendor/laravel/framework/src/Illuminate/Routing/Router.php(800): Illuminate/Routing/Router->runRouteWithinStack()
#25 C:/Users/dell/techsaga/crm_app/laravel/vendor/laravel/framework/src/Illuminate/Routing/Router.php(764): Illuminate/Routing/Router->runRoute()
#26 C:/Users/dell/techsaga/crm_app/laravel/vendor/laravel/framework/src/Illuminate/Routing/Router.php(753): Illuminate/Routing/Router->dispatchToRoute()
#27 C:/Users/dell/techsaga/crm_app/laravel/vendor/laravel/framework/src/Illuminate/Foundation/Http/Kernel.php(200): Illuminate/Routing/Router->dispatch()
#28 C:/Users/dell/techsaga/crm_app/laravel/vendor/laravel/framework/src/Illuminate/Pipeline/Pipeline.php(180): Illuminate/Foundation/Http/Kernel->Illuminate/Foundation/Http/{closure}()
#29 C:/Users/dell/techsaga/crm_app/laravel/vendor/laravel/framework/src/Illuminate/Foundation/Http/Middleware/TransformsRequest.php(21): Illuminate/Pipeline/Pipeline->Illuminate/Pipeline/{closure}()
#30 C:/Users/dell/techsaga/crm_app/laravel/vendor/laravel/framework/src/Illuminate/Foundation/Http/Middleware/ConvertEmptyStringsToNull.php(31): Illuminate/Foundation/Http/Middleware/TransformsRequest->handle()
#31 C:/Users/dell/techsaga/crm_app/laravel/vendor/laravel/framework/src/Illuminate/Pipeline/Pipeline.php(219): Illuminate/Foundation/Http/Middleware/ConvertEmptyStringsToNull->handle()
#32 C:/Users/dell/techsaga/crm_app/laravel/vendor/laravel/framework/src/Illuminate/Foundation/Http/Middleware/TransformsRequest.php(21): Illuminate/Pipeline/Pipeline->Illuminate/Pipeline/{closure}()
#33 C:/Users/dell/techsaga/crm_app/laravel/vendor/laravel/framework/src/Illuminate/Foundation/Http/Middleware/TrimStrings.php(51): Illuminate/Foundation/Http/Middleware/TransformsRequest->handle()
#34 C:/Users/dell/techsaga/crm_app/laravel/vendor/laravel/framework/src/Illuminate/Pipeline/Pipeline.php(219): Illuminate/Foundation/Http/Middleware/TrimStrings->handle()
#35 C:/Users/dell/techsaga/crm_app/laravel/vendor/laravel/framework/src/Illuminate/Http/Middleware/ValidatePostSize.php(27): Illuminate/Pipeline/Pipeline->Illuminate/Pipeline/{closure}()
#36 C:/Users/dell/techsaga/crm_app/laravel/vendor/laravel/framework/src/Illuminate/Pipeline/Pipeline.php(219): Illuminate/Http/Middleware/ValidatePostSize->handle()
#37 C:/Users/dell/techsaga/crm_app/laravel/vendor/laravel/framework/src/Illuminate/Foundation/Http/Middleware/PreventRequestsDuringMaintenance.php(110): Illuminate/Pipeline/Pipeline->Illuminate/Pipeline/{closure}()
#38 C:/Users/dell/techsaga/crm_app/laravel/vendor/laravel/framework/src/Illuminate/Pipeline/Pipeline.php(219): Illuminate/Foundation/Http/Middleware/PreventRequestsDuringMaintenance->handle()
#39 C:/Users/dell/techsaga/crm_app/laravel/vendor/laravel/framework/src/Illuminate/Http/Middleware/HandleCors.php(61): Illuminate/Pipeline/Pipeline->Illuminate/Pipeline/{closure}()
#40 C:/Users/dell/techsaga/crm_app/laravel/vendor/laravel/framework/src/Illuminate/Pipeline/Pipeline.php(219): Illuminate/Http/Middleware/HandleCors->handle()
#41 C:/Users/dell/techsaga/crm_app/laravel/vendor/laravel/framework/src/Illuminate/Http/Middleware/TrustProxies.php(58): Illuminate/Pipeline/Pipeline->Illuminate/Pipeline/{closure}()
#42 C:/Users/dell/techsaga/crm_app/laravel/vendor/laravel/framework/src/Illuminate/Pipeline/Pipeline.php(219): Illuminate/Http/Middleware/TrustProxies->handle()
#43 C:/Users/dell/techsaga/crm_app/laravel/vendor/laravel/framework/src/Illuminate/Foundation/Http/Middleware/InvokeDeferredCallbacks.php(22): Illuminate/Pipeline/Pipeline->Illuminate/Pipeline/{closure}()
#44 C:/Users/dell/techsaga/crm_app/laravel/vendor/laravel/framework/src/Illuminate/Pipeline/Pipeline.php(219): Illuminate/Foundation/Http/Middleware/InvokeDeferredCallbacks->handle()
#45 C:/Users/dell/techsaga/crm_app/laravel/vendor/laravel/framework/src/Illuminate/Http/Middleware/ValidatePathEncoding.php(28): Illuminate/Pipeline/Pipeline->Illuminate/Pipeline/{closure}()
#46 C:/Users/dell/techsaga/crm_app/laravel/vendor/laravel/framework/src/Illuminate/Pipeline/Pipeline.php(219): Illuminate/Http/Middleware/ValidatePathEncoding->handle()
#47 C:/Users/dell/techsaga/crm_app/laravel/vendor/laravel/framework/src/Illuminate/Pipeline/Pipeline.php(137): Illuminate/Pipeline/Pipeline->Illuminate/Pipeline/{closure}()
#48 C:/Users/dell/techsaga/crm_app/laravel/vendor/laravel/framework/src/Illuminate/Foundation/Http/Kernel.php(175): Illuminate/Pipeline/Pipeline->then()
#49 C:/Users/dell/techsaga/crm_app/laravel/vendor/laravel/framework/src/Illuminate/Foundation/Http/Kernel.php(144): Illuminate/Foundation/Http/Kernel->sendRequestThroughRouter()
#50 C:/Users/dell/techsaga/crm_app/laravel/vendor/laravel/framework/src/Illuminate/Foundation/Application.php(1228): Illuminate/Foundation/Http/Kernel->handle()
#51 C:/Users/dell/techsaga/crm_app/laravel/public/index.php(20): Illuminate/Foundation/Application->handleRequest()
#52 C:/Users/dell/techsaga/crm_app/laravel/vendor/laravel/framework/src/Illuminate/Foundation/resources/server.php(23): require_once('...')
#53 {main}
"} 
[2026-10-06 07:22:39] local.ERROR: TTY mode is not supported on Windows platform. {"exception":"[object] (Symfony\\Component\\Process\\Exception\\RuntimeException(code: 0): TTY mode is not supported on Windows platform. at C:/Users/dell/techsaga/crm_app/laravel/vendor/symfony/process/Process.php:1075)
[stacktrace]
#0 C:/Users/dell/techsaga/crm_app/laravel/vendor/laravel/framework/src/Illuminate/Database/Console/DbCommand.php(55): Symfony/Component/Process/Process->setTty()
#1 C:/Users/dell/techsaga/crm_app/laravel/vendor/laravel/framework/src/Illuminate/Container/BoundMethod.php(36): Illuminate/Database/Console/DbCommand->handle()
#2 C:/Users/dell/techsaga/crm_app/laravel/vendor/laravel/framework/src/Illuminate/Container/Util.php(43): Illuminate/Container/BoundMethod::Illuminate/Container/{closure}()
#3 C:/Users/dell/techsaga/crm_app/laravel/vendor/laravel/framework/src/Illuminate/Container/BoundMethod.php(96): Illuminate/Container/Util::unwrapIfClosure()
#4 C:/Users/dell/techsaga/crm_app/laravel/vendor/laravel/framework/src/Illuminate/Container/BoundMethod.php(35): Illuminate/Container/BoundMethod::callBoundMethod()
#5 C:/Users/dell/techsaga/crm_app/laravel/vendor/laravel/framework/src/Illuminate/Container/Container.php(803): Illuminate/Container/BoundMethod::call()
#6 C:/Users/dell/techsaga/crm_app/laravel/vendor/laravel/framework/src/Illuminate/Console/Command.php(292): Illuminate/Container/Container->call()
#7 C:/Users/dell/techsaga/crm_app/laravel/vendor/symfony/console/Command/Command.php(341): Illuminate/Console/Command->execute()
#8 C:/Users/dell/techsaga/crm_app/laravel/vendor/laravel/framework/src/Illuminate/Console/Command.php(261): Symfony/Component/Console/Command/Command->run()
#9 C:/Users/dell/techsaga/crm_app/laravel/vendor/symfony/console/Application.php(1117): Illuminate/Console/Command->run()
#10 C:/Users/dell/techsaga/crm_app/laravel/vendor/symfony/console/Application.php(356): Symfony/Component/Console/Application->doRunCommand()
#11 C:/Users/dell/techsaga/crm_app/laravel/vendor/symfony/console/Application.php(195): Symfony/Component/Console/Application->doRun()
#12 C:/Users/dell/techsaga/crm_app/laravel/vendor/laravel/framework/src/Illuminate/Foundation/Console/Kernel.php(198): Symfony/Component/Console/Application->run()
#13 C:/Users/dell/techsaga/crm_app/laravel/vendor/laravel/framework/src/Illuminate/Foundation/Application.php(1243): Illuminate/Foundation/Console/Kernel->handle()
#14 C:/Users/dell/techsaga/crm_app/laravel/artisan(16): Illuminate/Foundation/Application->handleCommand()
#15 {main}
"} 
[2026-10-06 07:22:49] local.ERROR: TTY mode is not supported on Windows platform. {"exception":"[object] (Symfony\\Component\\Process\\Exception\\RuntimeException(code: 0): TTY mode is not supported on Windows platform. at C:/Users/dell/techsaga/crm_app/laravel/vendor/symfony/process/Process.php:1075)
[stacktrace]
#0 C:/Users/dell/techsaga/crm_app/laravel/vendor/laravel/framework/src/Illuminate/Database/Console/DbCommand.php(55): Symfony/Component/Process/Process->setTty()
#1 C:/Users/dell/techsaga/crm_app/laravel/vendor/laravel/framework/src/Illuminate/Container/BoundMethod.php(36): Illuminate/Database/Console/DbCommand->handle()
#2 C:/Users/dell/techsaga/crm_app/laravel/vendor/laravel/framework/src/Illuminate/Container/Util.php(43): Illuminate/Container/BoundMethod::Illuminate/Container/{closure}()
#3 C:/Users/dell/techsaga/crm_app/laravel/vendor/laravel/framework/src/Illuminate/Container/BoundMethod.php(96): Illuminate/Container/Util::unwrapIfClosure()
#4 C:/Users/dell/techsaga/crm_app/laravel/vendor/laravel/framework/src/Illuminate/Container/BoundMethod.php(35): Illuminate/Container/BoundMethod::callBoundMethod()
#5 C:/Users/dell/techsaga/crm_app/laravel/vendor/laravel/framework/src/Illuminate/Container/Container.php(803): Illuminate/Container/BoundMethod::call()
#6 C:/Users/dell/techsaga/crm_app/laravel/vendor/laravel/framework/src/Illuminate/Console/Command.php(292): Illuminate/Container/Container->call()
#7 C:/Users/dell/techsaga/crm_app/laravel/vendor/symfony/console/Command/Command.php(341): Illuminate/Console/Command->execute()
#8 C:/Users/dell/techsaga/crm_app/laravel/vendor/laravel/framework/src/Illuminate/Console/Command.php(261): Symfony/Component/Console/Command/Command->run()
#9 C:/Users/dell/techsaga/crm_app/laravel/vendor/symfony/console/Application.php(1117): Illuminate/Console/Command->run()
#10 C:/Users/dell/techsaga/crm_app/laravel/vendor/symfony/console/Application.php(356): Symfony/Component/Console/Application->doRunCommand()
#11 C:/Users/dell/techsaga/crm_app/laravel/vendor/symfony/console/Application.php(195): Symfony/Component/Console/Application->doRun()
#12 C:/Users/dell/techsaga/crm_app/laravel/vendor/laravel/framework/src/Illuminate/Foundation/Console/Kernel.php(198): Symfony/Component/Console/Application->run()
#13 C:/Users/dell/techsaga/crm_app/laravel/vendor/laravel/framework/src/Illuminate/Foundation/Application.php(1243): Illuminate/Foundation/Console/Kernel->handle()
#14 C:/Users/dell/techsaga/crm_app/laravel/artisan(16): Illuminate/Foundation/Application->handleCommand()
#15 {main}
"} 
[2026-10-06 07:32:43] local.ERROR: TTY mode is not supported on Windows platform. {"exception":"[object] (Symfony\\Component\\Process\\Exception\\RuntimeException(code: 0): TTY mode is not supported on Windows platform. at C:/Users/dell/techsaga/crm_app/laravel/vendor/symfony/process/Process.php:1075)
[stacktrace]
#0 C:/Users/dell/techsaga/crm_app/laravel/vendor/laravel/framework/src/Illuminate/Database/Console/DbCommand.php(55): Symfony/Component/Process/Process->setTty()
#1 C:/Users/dell/techsaga/crm_app/laravel/vendor/laravel/framework/src/Illuminate/Container/BoundMethod.php(36): Illuminate/Database/Console/DbCommand->handle()
#2 C:/Users/dell/techsaga/crm_app/laravel/vendor/laravel/framework/src/Illuminate/Container/Util.php(43): Illuminate/Container/BoundMethod::Illuminate/Container/{closure}()
#3 C:/Users/dell/techsaga/crm_app/laravel/vendor/laravel/framework/src/Illuminate/Container/BoundMethod.php(96): Illuminate/Container/Util::unwrapIfClosure()
#4 C:/Users/dell/techsaga/crm_app/laravel/vendor/laravel/framework/src/Illuminate/Container/BoundMethod.php(35): Illuminate/Container/BoundMethod::callBoundMethod()
#5 C:/Users/dell/techsaga/crm_app/laravel/vendor/laravel/framework/src/Illuminate/Container/Container.php(803): Illuminate/Container/BoundMethod::call()
#6 C:/Users/dell/techsaga/crm_app/laravel/vendor/laravel/framework/src/Illuminate/Console/Command.php(292): Illuminate/Container/Container->call()
#7 C:/Users/dell/techsaga/crm_app/laravel/vendor/symfony/console/Command/Command.php(341): Illuminate/Console/Command->execute()
#8 C:/Users/dell/techsaga/crm_app/laravel/vendor/laravel/framework/src/Illuminate/Console/Command.php(261): Symfony/Component/Console/Command/Command->run()
#9 C:/Users/dell/techsaga/crm_app/laravel/vendor/symfony/console/Application.php(1117): Illuminate/Console/Command->run()
#10 C:/Users/dell/techsaga/crm_app/laravel/vendor/symfony/console/Application.php(356): Symfony/Component/Console/Application->doRunCommand()
#11 C:/Users/dell/techsaga/crm_app/laravel/vendor/symfony/console/Application.php(195): Symfony/Component/Console/Application->doRun()
#12 C:/Users/dell/techsaga/crm_app/laravel/vendor/laravel/framework/src/Illuminate/Foundation/Console/Kernel.php(198): Symfony/Component/Console/Application->run()
#13 C:/Users/dell/techsaga/crm_app/laravel/vendor/laravel/framework/src/Illuminate/Foundation/Application.php(1243): Illuminate/Foundation/Console/Kernel->handle()
#14 C:/Users/dell/techsaga/crm_app/laravel/artisan(16): Illuminate/Foundation/Application->handleCommand()
#15 {main}
"} 
